[Morning Roll Call] Reset user state at D:\iteration 3 framework\config\user_state.json
============================= test session starts =============================
platform win32 -- Python 3.13.7, pytest-9.0.2, pluggy-1.6.0 -- C:\Python313\python.exe
cachedir: .pytest_cache
metadata: {'Python': '3.13.7', 'Platform': 'Windows-11-10.0.26200-SP0', 'Packages': {'pytest': '9.0.2', 'pluggy': '1.6.0'}, 'Plugins': {'allure-pytest': '2.13.2', 'anyio': '4.11.0', 'Faker': '19.11.0', 'asyncio': '1.3.0', 'base-url': '2.1.0', 'cov': '7.0.0', 'html': '4.0.2', 'json-report': '1.5.0', 'metadata': '3.1.1', 'mock': '3.15.1', 'playwright': '0.7.2', 'random-order': '1.1.0', 'rerunfailures': '12.0', 'timeout': '2.2.0', 'xdist': '3.5.0'}, 'JAVA_HOME': 'C:\\Program Files\\Java\\jdk-21', 'Base URL': ''}
Test order randomisation NOT enabled. Enable with --random-order or --random-order-bucket=<bucket_type>
rootdir: D:\iteration 3 framework
configfile: pytest.ini
plugins: allure-pytest-2.13.2, anyio-4.11.0, Faker-19.11.0, asyncio-1.3.0, base-url-2.1.0, cov-7.0.0, html-4.0.2, json-report-1.5.0, metadata-3.1.1, mock-3.15.1, playwright-0.7.2, random-order-1.1.0, rerunfailures-12.0, timeout-2.2.0, xdist-3.5.0
asyncio: mode=Mode.STRICT, debug=False, asyncio_default_fixture_loop_scope=None, asyncio_default_test_loop_scope=function
collecting ... collected 2 items

tests/ui/test_create_item.py::test_create_digital_item[admin_ui_actor-0] 
[MongoDB] Connecting to: test

[SeedSetup] Setting up MongoDB seed data...
[MongoDB] Seed data already exists for admin1@test.com (11 items)
[MongoDB] Seed data already exists for admin2@test.com (11 items)
[MongoDB] Seed data already exists for editor1@test.com (11 items)
[MongoDB] Seed data already exists for editor2@test.com (11 items)
[MongoDB] Seed data already exists for viewer1@test.com (11 items)
ERROR
tests/ui/test_create_item.py::test_create_digital_item[editor_ui_actor-0] ERROR[MongoDB] Connection closed


=================================== ERRORS ====================================
________ ERROR at setup of test_create_digital_item[admin_ui_actor-0] _________

fixturedef = <FixtureDef argname='setup_mongodb_seed' scope='session' baseid=''>
request = <SubRequest 'setup_mongodb_seed' for <Function test_create_digital_item[admin_ui_actor-0]>>

    @pytest.hookimpl(wrapper=True)
    def pytest_fixture_setup(fixturedef: FixtureDef, request) -> object | None:
        asyncio_mode = _get_asyncio_mode(request.config)
        if not _is_asyncio_fixture_function(fixturedef.func):
            if asyncio_mode == Mode.STRICT:
                # Ignore async fixtures without explicit asyncio mark in strict mode
                # This applies to pytest_trio fixtures, for example
>               return (yield)
                        ^^^^^

C:\Users\dhana\AppData\Roaming\Python\Python313\site-packages\pytest_asyncio\plugin.py:728: 
_ _ _ _ _ _ _ _ _ _ _ _ _ _ _ _ _ _ _ _ _ _ _ _ _ _ _ _ _ _ _ _ _ _ _ _ _ _ _ _
tests\plugins\data.py:40: in setup_mongodb_seed
    print(f"[SeedSetup] \u2705 Total: {total_items} items created for {len(user_emails)} users")
_ _ _ _ _ _ _ _ _ _ _ _ _ _ _ _ _ _ _ _ _ _ _ _ _ _ _ _ _ _ _ _ _ _ _ _ _ _ _ _

self = <encodings.cp1252.IncrementalEncoder object at 0x000002AA53294AD0>
input = '[SeedSetup] \u2705 Total: 55 items created for 5 users', final = False

    def encode(self, input, final=False):
>       return codecs.charmap_encode(input,self.errors,encoding_table)[0]
               ^^^^^^^^^^^^^^^^^^^^^^^^^^^^^^^^^^^^^^^^^^^^^^^^^^^^^^^
E       UnicodeEncodeError: 'charmap' codec can't encode character '\u2705' in position 12: character maps to <undefined>

C:\Python313\Lib\encodings\cp1252.py:19: UnicodeEncodeError
________ ERROR at setup of test_create_digital_item[editor_ui_actor-0] ________

env_config = <class 'utils.config.ProductionConfig'>
create_seed_for_user = <function create_seed_for_user.<locals>._create at 0x000002AA53C0FBA0>

    @pytest.fixture(scope="session", autouse=True)
    def setup_mongodb_seed(env_config, create_seed_for_user):
        """
        Set up baseline seed data via MongoDB before all tests
        Runs ONCE at session start (if ENABLE_SEED_SETUP=true)
        """
        # Feature flag check
        if os.getenv('ENABLE_SEED_SETUP', 'false').lower() != 'true':
            print("\n[SeedSetup] Skipped (ENABLE_SEED_SETUP=false)")
            return
    
        # List of users to setup seed data for
        user_emails = [
            "admin1@test.com",
            "admin2@test.com",
            "editor1@test.com",
            "editor2@test.com",
            "viewer1@test.com"
        ]
    
        print("\n[SeedSetup] Setting up MongoDB seed data...")
        total_items = 0
    
        for email in user_emails:
            try:
                count = create_seed_for_user(email)
                total_items += count
            except ValueError as e:
                print(f"[SeedSetup] \u26a0\ufe0f  Skipping {email}: {e}")
            except Exception as e:
                print(f"[SeedSetup] \u274c Error for {email}: {e}")
    
>       print(f"[SeedSetup] \u2705 Total: {total_items} items created for {len(user_emails)} users")

tests\plugins\data.py:40: 
_ _ _ _ _ _ _ _ _ _ _ _ _ _ _ _ _ _ _ _ _ _ _ _ _ _ _ _ _ _ _ _ _ _ _ _ _ _ _ _

self = <encodings.cp1252.IncrementalEncoder object at 0x000002AA53294AD0>
input = '[SeedSetup] \u2705 Total: 55 items created for 5 users', final = False

    def encode(self, input, final=False):
>       return codecs.charmap_encode(input,self.errors,encoding_table)[0]
               ^^^^^^^^^^^^^^^^^^^^^^^^^^^^^^^^^^^^^^^^^^^^^^^^^^^^^^^
E       UnicodeEncodeError: 'charmap' codec can't encode character '\u2705' in position 12: character maps to <undefined>

C:\Python313\Lib\encodings\cp1252.py:19: UnicodeEncodeError
=========================== short test summary info ===========================
ERROR tests/ui/test_create_item.py::test_create_digital_item[admin_ui_actor-0]
ERROR tests/ui/test_create_item.py::test_create_digital_item[editor_ui_actor-0]
============================== 2 errors in 1.61s ==============================
